// Jest Snapshot v1, https://jestjs.io/docs/snapshot-testing

exports[`sanity matches snapshot 1`] = `
<div>
  <header
    class="container"
  >
    <div
      class="wrapper"
    >
      <div
        class="container"
      >
        <p
          class="phoneText"
        >
          +1 888 240 6923
        </p>
        <a
          class="contactLink"
          href="#"
        >
          Contact Us
        </a>
        <div
          class="buttonsContainer"
        >
          <button
            class="container"
            data-appearance="outline"
            data-size="small"
          >
            Login
          </button>
          <button
            class="container"
            data-appearance="outline-secondary"
            data-size="small"
          >
            FR
          </button>
        </div>
      </div>
    </div>
    <div
      class="logoContainer"
    >
      <img
        alt="Aircall"
        class="logo"
        data-nimg="1"
        decoding="async"
        height="35.76"
        src="/_next/image?url=%2Faircall_logo.webp&w=256&q=75"
        srcset="/_next/image?url=%2Faircall_logo.webp&w=128&q=75 1x, /_next/image?url=%2Faircall_logo.webp&w=256&q=75 2x"
        style="color: transparent;"
        width="125"
      />
      <nav>
        <div
          class="mobileMenuContainer"
        >
          <button
            aria-expanded="false"
            aria-label="Toggle navigation menu"
            class="container menuButton"
            data-appearance="transparent"
            data-size="none"
          >
            <p
              class="mobileMenuText"
            >
              Menu
            </p>
            <svg
              aria-hidden="true"
              class="menuIcon"
              fill="none"
              height="9"
              width="14"
              xmlns="http://www.w3.org/2000/svg"
            >
              <path
                d="M0 1h14M0 8h14"
                stroke="currentColor"
                stroke-width="2"
              />
            </svg>
            <span
              class="sr-only"
            >
              Open menu
               
            </span>
          </button>
        </div>
      </nav>
    </div>
  </header>
</div>
`;
